---
source: tests/variable_store_tests.rs
assertion_line: 33
expression: parsed
---
HttpFile {
    options: SnapOptions {
        include_headers: true,
    },
    verb: GET,
    url: "https://localhost:5000/items?page=2",
    headers: [
        Header {
            name: "Accept",
            value: "application/json",
        },
    ],
    body: Json {
        element: Element {
            value: Null,
        },
    },
    snapshot: Snapshot {
        status: Exact(
            Null,
        ),
        headers: [],
        body: JsonComparer {
            element: ElementComparer {
                value: Exact(
                    Null,
                ),
            },
        },
    },
}
